This is XeTeX, Version 3.141592653-2.6-0.999998 (TeX Live 2026) (preloaded format=xelatex 2026.8.27)  27 AUG 2026 15:49
entering extended mode
 restricted \write18 enabled.
 %&-line parsing enabled.
**闭环睡眠干预综述-v18.tex
(./闭环睡眠干预综述-v18.tex
LaTeX2e <2025-11-01>
L3 programming layer <2026-01-19>

! LaTeX Error: File `ctexart.cls' not found.

Type X to quit or <RETURN> to proceed,
or enter new name. (Default extension: cls)

Enter file name: 
! Emergency stop.
<read *> 
         
l.4 \usepackage
               [a4paper,top=3cm,bottom=2.5cm,left=2cm,right=2cm,^^M
*** (cannot \read from terminal in nonstop modes)

 
Here is how much of TeX's memory you used:
 18 strings out of 470299
 354 string characters out of 5481331
 426411 words of memory out of 5000000
 28614 multiletter control sequences out of 15000+600000
 627721 words of font info for 40 fonts, out of 8000000 for 9000
 14 hyphenation exceptions out of 8191
 19i,0n,29p,112b,17s stack positions out of 10000i,1000n,20000p,200000b,200000s
No pages of output.
